80
79
ALBUQUERQUE:
  1 JACKET
ANAHEIM:
  1 LEGO
ANCHORAGE:
  1 SPEAKERS
ARLINGTON:
  1 BALL
ATLANTA:
  1 BALL
AURORA:
  1 ROBOT
AUSTIN:
  1 SWEETS
BAKERSFIELD:
  1 BALL
BALTIMORE:
  1 LEGO
BOSTON:
  1 BALL
BUFFALO:
  1 CAR
CHANDLER:
  1 ROBOT
CHARLOTTE:
  1 ROBOT
CHICAGO_ILLINOIS:
  1 ROBOT
CHULA_VISTA:
  1 TRAIN
CINCINNATI:
  1 SPEAKERS
CLEVELAND:
  1 SPEAKERS
COLORADO_SPRINGS:
  1 LEGO
COLUMBUS:
  1 DOLL
CORPUS_CHRISTI:
  1 LEGO
DALLAS:
  1 LEGO
DENVER:
  1 LEGO
DETROIT:
  1 BALL
EL_PASO:
  1 CAR
FORT_WAYNE:
  1 TRAIN
FORT_WORTH:
  1 TRAIN
FRESNO:
  1 SWEETS
GREENSBORO:
  1 ROBOT
HENDERSON:
  1 JACKET
HONOLULU:
  1 TRAIN
HOUSTON:
  1 DOLL
INDIANAPOLIS:
  1 DOLL
JACKSONVILLE:
  1 CAR
JERSEY_CITY:
  1 CAR
KANSAS_CITY:
  1 CAR
LAREDO:
  1 BALL
LAS_VEGAS:
  1 LEGO
LEXINGTON:
  1 SWEETS
LINCOLN:
  1 ROBOT
LONG_BEACH:
  1 DOLL
LOS_ANGELES:
  1 ROBOT
MEMPHIS:
  1 TRAIN
MESA:
  1 DOLL
MIAMI:
  1 BALL
MILWAUKEE:
  1 SPEAKERS
MINNEAPOLIS:
  1 JACKET
NASHVILLE:
  1 BACKPACK
NEWARK:
  1 DOLL
NEW_ORLEANS:
  1 SWEETS
NEW_YORK:
  1 BALL
NORFOLK:
  1 CAR
OAKLAND:
  1 TRAIN
OKLAHOMA_CITY:
  1 DOLL
OMAHA:
  1 BACKPACK
ORLANDO:
  1 SWEETS
PHILADELPHIA:
  1 TRAIN
PHOENIX:
  1 SPEAKERS
PITTSBURGH:
  1 JACKET
PLANO:
  1 CAR
PORTLAND:
  1 SWEETS
RALEIGH:
  1 ROBOT
RIVERSIDE:
  1 JACKET
SACRAMENTO:
  1 SWEETS
SAINT_PAUL:
  1 SPEAKERS
SANTA_ANA:
  1 BACKPACK
SAN_ANTONIO:
  1 ROBOT
SAN_DIEGO:
  1 BALL
SAN_FRANCISCO:
  1 SWEETS
SAN_JOSE:
  1 BALL
SEATTLE:
  1 JACKET
ST.PETERSBURG:
  1 SPEAKERS
STOCKTON:
  1 BALL
TAMPA:
  1 SPEAKERS
TOLEDO:
  1 JACKET
TUCSON:
  1 ROBOT
TULSA:
  1 LEGO
VIRGINIA_BEACH:
  1 ROBOT
WASHINGTON:
  1 ROBOT
WICHITA:
  1 ROBOT
