40
40
BELMOPAN:
  3 SKI
  1 CAR
  1 FRUITS
  1 ROBOT
  1 SNEAKERS
BIRDGETOWN:
  2 TRAIN
  1 BARR
  1 JACKET
  1 SWEETS
  1 UORR
NASSAU:
  2 SREUGE
  1 BACKPACK
  1 BARR
  1 FRUITS
  1 JACKET
  1 SNEAKERS
  1 SWEETS
OTTAWA:
  3 SNEAKERS
  2 BACKPACK
  2 SPEAKERS
  1 HAT
  1 JACKET
  1 ROBOT
  1 SNOWBOARU
  1 SWEETS
SAN_JOSE:
  1 BARR
  1 CAR
  1 FRUITS
  1 JACKET
  1 SNOWBOARU
  1 SPEAKERS
  1 UORR
